
R version 3.5.1 (2018-07-02) -- "Feather Spray"
Copyright (C) 2018 The R Foundation for Statistical Computing
Platform: x86_64-pc-linux-gnu (64-bit)

R is free software and comes with ABSOLUTELY NO WARRANTY.
You are welcome to redistribute it under certain conditions.
Type 'license()' or 'licence()' for distribution details.

  Natural language support but running in an English locale

R is a collaborative project with many contributors.
Type 'contributors()' for more information and
'citation()' on how to cite R or R packages in publications.

Type 'demo()' for some demos, 'help()' for on-line help, or
'help.start()' for an HTML browser interface to help.
Type 'q()' to quit R.

> library(pomp)
> 
> stopifnot(identical(getOption("pomp.examples"),
+                     system.file("examples",package="pomp")))
> 
> pompExample()
examples in /userdata/kingaa/projects/Rpkg/library/pomp/examples:
[1] "bbs"       "blowflies" "dacca"     "gompertz"  "ou2"       "ricker"   
[7] "rw2"       "sir"       "sir2"     
> pompExample(ricker,show=TRUE)
library(pomp)

dat <- '"time";"y"
0;68
1;2
2;87
3;0
4;12
5;174
6;0
7;0
8;1
9;57
10;11
11;178
12;0
13;1
14;0
15;34
16;72
17;3
18;101
19;0
20;8
21;156
22;0
23;0
24;3
25;93
26;0
27;17
28;121
29;0
30;0
31;19
32;107
33;0
34;4
35;127
36;0
37;1
38;47
39;8
40;117
41;0
42;3
43;82
44;2
45;39
46;70
47;11
48;275
49;0
50;0
'

pomp(
  data=read.csv2(text=dat),
  times="time",
  t0=0,
  params=c(r=exp(3.8),sigma=0.3,phi=10,c=1,N_0=7,e.0=0), # originally used to generate the data
  rprocess=discrete.time.sim(
    step.fun=Csnippet("
        e = (sigma > 0.0) ? rnorm(0,sigma) : 0.0;
        N = exp(log(r)+log(N)-c*N+e);"),
    delta.t=1
  ),
  rmeasure=Csnippet("
        y = rpois(phi*N);"),
  dmeasure=Csnippet("
        lik = dpois(y,phi*N,give_log);"),
  skeleton=map(Csnippet("
        DN = exp(log(r)+log(N)-c*N);
        De = 0.0;"),
               delta.t=1),
  toEstimationScale=Csnippet("
        Tr = log(r);
        Tsigma = log(sigma);
        Tphi = log(phi);
        Tc = log(c);
        TN_0 = log(N_0);"),
  fromEstimationScale=Csnippet("
        Tr = exp(r);
        Tsigma = exp(sigma);
        Tphi = exp(phi);
        Tc = exp(c);
        TN_0 = exp(N_0);"),
  rinit=Csnippet("
        N = N_0;
        e = 0;"),
  paramnames=c("r","sigma","phi","c","N_0"),
  statenames=c("N","e")
) -> ricker

c("ricker")

> options(pomp.examples=list(getOption("pomp.examples"),
+                            getOption("pomp.examples")))
> pompExample()
examples in /userdata/kingaa/projects/Rpkg/library/pomp/examples:
[1] "bbs"       "blowflies" "dacca"     "gompertz"  "ou2"       "ricker"   
[7] "rw2"       "sir"       "sir2"     
examples in /userdata/kingaa/projects/Rpkg/library/pomp/examples:
[1] "bbs"       "blowflies" "dacca"     "gompertz"  "ou2"       "ricker"   
[7] "rw2"       "sir"       "sir2"     
> names(pompExample(ricker,envir=NULL))
[1] "ricker"
Warning message:
in 'pompExample': using '/userdata/kingaa/projects/Rpkg/library/pomp/examples/ricker.R' from '/userdata/kingaa/projects/Rpkg/library/pomp/examples' 
> 
> try(pompExample(bob))
Error : in 'pompExample': cannot find file 'bob.R'
> 
> e <- new.env()
> pompExample(ricker,envir=e)
newly created object(s):
 ricker 
Warning message:
in 'pompExample': using '/userdata/kingaa/projects/Rpkg/library/pomp/examples/ricker.R' from '/userdata/kingaa/projects/Rpkg/library/pomp/examples' 
> ls(envir=e)
[1] "ricker"
> 
> try(pompExample(gompertz,envir="bob"))
Error : in 'pompExample': 'envir' must be an environment or NULL
In addition: Warning message:
in 'pompExample': using '/userdata/kingaa/projects/Rpkg/library/pomp/examples/gompertz.R' from '/userdata/kingaa/projects/Rpkg/library/pomp/examples' 
> 
